set()
set(1)
set(2, 1)
set(2, 1, 3)
set(2, 1, 4, 3)
set(2, 1, 4, 3, 5)
set(2, 1, 4, 3, 6, 5)
set(2, 1, 4, 3, 7, 6, 5)
set(2, 1, 4, 3, 7, 8, 6, 5)
set(2, 1, 4, 3, 7, 8, 6, 9, 5)
