x: 3, y: 2
x: 2, y: 3
x: 3, y: 2, ...
x: 2, y: 3, ...
x: 10, y: 20
x: 10, y: 20
x: 10, y: 20, ...
x: 10, y: 20, ...
