10
2.5
2
3
24
27
9
10
5
8
4
2
32
true
false
true
helloworld
