zzzz
yy
{a: xxx, b: 2, c: 3}
third
second
{a: first, b: 2, c: 3}
