any other list
[ x, y ] are [ 1, 2 ].
short list starting in 1
[ x, y ] are [ a, b ].
[ a, b, ... ] is [ 2, 3, ... ].
