[ x, y ] are [ 1, 2 ].
???
[ x, y ] are [ a, b ].
n is 3.
