any other list
list of len two: [ 1, 2 ]
[ .a ]
list of len two: [ a, b ]
any other list
???
