true
180.0
0.20788
1.0
true
10.0
true
true
true
48
15360
true
false
true
20   #echo math.max(1, 20, 4.0)
-inf #echo math.max()
nan  #echo math.max(math.nan)
