???
positive y, on x-axis
positive x, on y-axis
origin
