???
zero point zero
one point zero
two point zero
???
???
???
???
