zero point zero
one point zero
two point zero
three point one
two point three
one point seven
negative one point five
zero point two
