[2, 3]
23
[1, 2, 3, 4]
1234
[1, 2, 3, 4, 5]
12345
